# serializer version: 1
# name: TestRuffleGenerator.test_generate
  tuple(
    list([
      'ruffle',
      '/userdata/roms/flash/rom.swf',
    ]),
    dict({
    }),
  )
# ---
# name: TestRuffleGenerator.test_get_hotkeys_context
  dict({
    'keys': dict({
      'exit': list([
        'KEY_LEFTALT',
        'KEY_F4',
      ]),
    }),
    'name': 'ruffle',
  })
# ---
