# serializer version: 1
# name: TestSamcoupeGenerator.test_generate
  tuple(
    list([
      'simcoupe',
      'autoboot',
      '-disk1',
      '/userdata/roms/samcoupe/rom.dsk',
    ]),
    dict({
      'SDL_GAMECONTROLLERCONFIG': '030000005e0400000a0b000005040000,Generic Xbox pad,platform:Linux,b:b0,a:b1,dpdown:h0.4,leftx:a0,lefty:a1,rightx:a2,righty:a3,lefttrigger:b6,leftstick:b11,dpleft:h0.8,rightshoulder:b5,leftshoulder:b4,righttrigger:b7,rightstick:b12,dpright:h0.2,back:b8,start:b9,dpup:h0.1,y:b2,x:b3,',
    }),
  )
# ---
# name: TestSamcoupeGenerator.test_get_hotkeys_context
  dict({
    'keys': dict({
      'exit': list([
        'KEY_LEFTCTRL',
        'KEY_F12',
      ]),
      'menu': 'KEY_F10',
      'pause': 'KEY_F10',
    }),
    'name': 'samcoupe',
  })
# ---
